2025-08-20T10:46:16: 
> trivio@0.1.0 dev
> next dev

2025-08-20T10:52:12: 2025-08-20T10:52:12: 2025-08-20T10:52:15: 
> trivio@0.1.0 dev
> next dev

2025-08-20T11:03:59: 2025-08-20T11:04:02: 
> trivio@0.1.0 dev
> next dev

2025-08-20T11:10:10: 2025-08-20T11:10:10: 2025-08-20T11:10:12: 
> trivio@0.1.0 dev
> next dev

2025-08-20T11:17:49: 2025-08-20T11:17:50: 
> trivio@0.1.0 dev
> next dev

2025-08-20T11:22:40: 2025-08-20T11:22:42: 
> trivio@0.1.0 dev
> next dev

2025-08-20T11:24:21: 2025-08-20T11:24:23: 
> trivio@0.1.0 dev
> next dev

2025-08-20T11:30:03: 2025-08-20T11:30:05: 
> trivio@0.1.0 dev
> next dev

2025-08-20T11:38:48: 2025-08-20T11:38:48: 2025-08-20T11:38:50: 
> trivio@0.1.0 dev
> next dev

2025-08-20T11:41:11: 2025-08-20T11:41:14: 
> trivio@0.1.0 dev
> next dev

2025-08-20T11:46:40: 2025-08-20T11:46:40: 2025-08-20T11:46:43: 
> trivio@0.1.0 dev
> next dev

2025-08-20T12:56:52: 
> trivio@0.1.0 dev
> next dev

2025-08-20T12:59:12: 2025-08-20T12:59:15: 
> trivio@0.1.0 dev
> next dev

2025-08-20T13:05:53: 2025-08-20T13:05:55: 
> trivio@0.1.0 dev
> next dev

2025-08-20T13:17:04: 2025-08-20T13:17:05: 
> trivio@0.1.0 dev
> next dev

2025-08-20T13:48:55: 2025-08-20T13:48:55: 2025-08-20T13:48:57: 
> trivio@0.1.0 dev
> next dev

